Archive member included to satisfy reference by file (symbol)

c:/program files (x86)/atmel/studio/7.0/toolchain/avr8/avr8-gnu-toolchain/bin/../lib/gcc/avr/4.9.2/avr51\libgcc.a(_exit.o)
                              C:/Program Files (x86)/Atmel/Studio/7.0/Packs/atmel/ATmega_DFP/1.1.130/gcc/dev/atmega128/avr51/crtatmega128.o (exit)
c:/program files (x86)/atmel/studio/7.0/toolchain/avr8/avr8-gnu-toolchain/bin/../lib/gcc/avr/4.9.2/avr51\libgcc.a(_clear_bss.o)
                              src/lcd.o (__do_clear_bss)

Discarded input sections

 .data          0x00000000        0x0 C:/Program Files (x86)/Atmel/Studio/7.0/Packs/atmel/ATmega_DFP/1.1.130/gcc/dev/atmega128/avr51/crtatmega128.o
 .bss           0x00000000        0x0 C:/Program Files (x86)/Atmel/Studio/7.0/Packs/atmel/ATmega_DFP/1.1.130/gcc/dev/atmega128/avr51/crtatmega128.o
 .group         0x00000000        0x8 src/lcd.o
 .group         0x00000000        0x8 src/lcd.o
 .group         0x00000000        0x8 src/lcd.o
 .group         0x00000000        0x8 src/lcd.o
 .group         0x00000000        0x8 src/lcd.o
 .group         0x00000000        0x8 src/lcd.o
 .group         0x00000000        0x8 src/lcd.o
 .group         0x00000000        0x8 src/lcd.o
 .group         0x00000000        0x8 src/lcd.o
 .group         0x00000000        0x8 src/lcd.o
 .group         0x00000000        0x8 src/lcd.o
 .group         0x00000000        0x8 src/lcd.o
 .group         0x00000000        0x8 src/lcd.o
 .group         0x00000000        0x8 src/lcd.o
 .group         0x00000000        0x8 src/lcd.o
 .text          0x00000000        0x0 src/lcd.o
 .data          0x00000000        0x0 src/lcd.o
 .bss           0x00000000        0x0 src/lcd.o
 .text.lcd_write_data
                0x00000000       0x1c src/lcd.o
 .text.lcd_write_string
                0x00000000       0x3e src/lcd.o
 .text.display_text
                0x00000000       0x2a src/lcd.o
 .group         0x00000000        0x8 src/timer.o
 .group         0x00000000        0x8 src/timer.o
 .group         0x00000000        0x8 src/timer.o
 .group         0x00000000        0x8 src/timer.o
 .group         0x00000000        0x8 src/timer.o
 .group         0x00000000        0x8 src/timer.o
 .group         0x00000000        0x8 src/timer.o
 .group         0x00000000        0x8 src/timer.o
 .group         0x00000000        0x8 src/timer.o
 .group         0x00000000        0x8 src/timer.o
 .group         0x00000000        0x8 src/timer.o
 .group         0x00000000        0x8 src/timer.o
 .group         0x00000000        0x8 src/timer.o
 .group         0x00000000        0x8 src/timer.o
 .group         0x00000000        0x8 src/timer.o
 .group         0x00000000        0x8 src/timer.o
 .group         0x00000000        0x8 src/timer.o
 .text          0x00000000        0x0 src/timer.o
 .data          0x00000000        0x0 src/timer.o
 .bss           0x00000000        0x0 src/timer.o
 .debug_macro   0x00000000      0xa66 src/timer.o
 .debug_macro   0x00000000       0x10 src/timer.o
 .debug_macro   0x00000000      0x1c9 src/timer.o
 .debug_macro   0x00000000      0x2fc src/timer.o
 .debug_macro   0x00000000       0x9e src/timer.o
 .debug_macro   0x00000000     0x14c5 src/timer.o
 .debug_macro   0x00000000      0x203 src/timer.o
 .debug_macro   0x00000000       0xcb src/timer.o
 .debug_macro   0x00000000       0x34 src/timer.o
 .debug_macro   0x00000000       0x18 src/timer.o
 .debug_macro   0x00000000       0x6c src/timer.o
 .debug_macro   0x00000000       0x10 src/timer.o
 .debug_macro   0x00000000       0x69 src/timer.o
 .group         0x00000000        0x8 src/timerB3.o
 .group         0x00000000        0x8 src/timerB3.o
 .group         0x00000000        0x8 src/timerB3.o
 .group         0x00000000        0x8 src/timerB3.o
 .group         0x00000000        0x8 src/timerB3.o
 .group         0x00000000        0x8 src/timerB3.o
 .group         0x00000000        0x8 src/timerB3.o
 .group         0x00000000        0x8 src/timerB3.o
 .group         0x00000000        0x8 src/timerB3.o
 .group         0x00000000        0x8 src/timerB3.o
 .group         0x00000000        0x8 src/timerB3.o
 .group         0x00000000        0x8 src/timerB3.o
 .group         0x00000000        0x8 src/timerB3.o
 .group         0x00000000        0x8 src/timerB3.o
 .group         0x00000000        0x8 src/timerB3.o
 .group         0x00000000        0x8 src/timerB3.o
 .group         0x00000000        0x8 src/timerB3.o
 .text          0x00000000        0x0 src/timerB3.o
 .data          0x00000000        0x0 src/timerB3.o
 .bss           0x00000000        0x0 src/timerB3.o
 .text.timer2initB3
                0x00000000       0x12 src/timerB3.o
 .debug_macro   0x00000000      0xa66 src/timerB3.o
 .debug_macro   0x00000000       0x16 src/timerB3.o
 .debug_macro   0x00000000       0x97 src/timerB3.o
 .debug_macro   0x00000000       0x16 src/timerB3.o
 .debug_macro   0x00000000       0x10 src/timerB3.o
 .debug_macro   0x00000000      0x1c9 src/timerB3.o
 .debug_macro   0x00000000      0x2fc src/timerB3.o
 .debug_macro   0x00000000       0x9e src/timerB3.o
 .debug_macro   0x00000000     0x14c5 src/timerB3.o
 .debug_macro   0x00000000      0x203 src/timerB3.o
 .debug_macro   0x00000000       0xcb src/timerB3.o
 .debug_macro   0x00000000       0x34 src/timerB3.o
 .debug_macro   0x00000000       0x18 src/timerB3.o
 .debug_macro   0x00000000       0x6c src/timerB3.o
 .debug_macro   0x00000000       0x10 src/timerB3.o
 .debug_macro   0x00000000      0x160 src/timerB3.o
 .debug_macro   0x00000000       0x69 src/timerB3.o
 .group         0x00000000        0x8 src/ASF/mega/boards/stk600/rcx_x/init.o
 .group         0x00000000        0x8 src/ASF/mega/boards/stk600/rcx_x/init.o
 .group         0x00000000        0x8 src/ASF/mega/boards/stk600/rcx_x/init.o
 .group         0x00000000        0x8 src/ASF/mega/boards/stk600/rcx_x/init.o
 .group         0x00000000        0x8 src/ASF/mega/boards/stk600/rcx_x/init.o
 .group         0x00000000        0x8 src/ASF/mega/boards/stk600/rcx_x/init.o
 .group         0x00000000        0x8 src/ASF/mega/boards/stk600/rcx_x/init.o
 .group         0x00000000        0x8 src/ASF/mega/boards/stk600/rcx_x/init.o
 .group         0x00000000        0x8 src/ASF/mega/boards/stk600/rcx_x/init.o
 .group         0x00000000        0x8 src/ASF/mega/boards/stk600/rcx_x/init.o
 .group         0x00000000        0x8 src/ASF/mega/boards/stk600/rcx_x/init.o
 .group         0x00000000        0x8 src/ASF/mega/boards/stk600/rcx_x/init.o
 .group         0x00000000        0x8 src/ASF/mega/boards/stk600/rcx_x/init.o
 .group         0x00000000        0x8 src/ASF/mega/boards/stk600/rcx_x/init.o
 .group         0x00000000        0x8 src/ASF/mega/boards/stk600/rcx_x/init.o
 .group         0x00000000        0x8 src/ASF/mega/boards/stk600/rcx_x/init.o
 .group         0x00000000        0x8 src/ASF/mega/boards/stk600/rcx_x/init.o
 .group         0x00000000        0x8 src/ASF/mega/boards/stk600/rcx_x/init.o
 .group         0x00000000        0x8 src/ASF/mega/boards/stk600/rcx_x/init.o
 .group         0x00000000        0x8 src/ASF/mega/boards/stk600/rcx_x/init.o
 .group         0x00000000        0x8 src/ASF/mega/boards/stk600/rcx_x/init.o
 .group         0x00000000        0x8 src/ASF/mega/boards/stk600/rcx_x/init.o
 .group         0x00000000        0x8 src/ASF/mega/boards/stk600/rcx_x/init.o
 .group         0x00000000        0x8 src/ASF/mega/boards/stk600/rcx_x/init.o
 .group         0x00000000        0x8 src/ASF/mega/boards/stk600/rcx_x/init.o
 .text          0x00000000        0x0 src/ASF/mega/boards/stk600/rcx_x/init.o
 .data          0x00000000        0x0 src/ASF/mega/boards/stk600/rcx_x/init.o
 .bss           0x00000000        0x0 src/ASF/mega/boards/stk600/rcx_x/init.o
 .text.board_init
                0x00000000        0x2 src/ASF/mega/boards/stk600/rcx_x/init.o
 .debug_info    0x00000000       0x7c src/ASF/mega/boards/stk600/rcx_x/init.o
 .debug_abbrev  0x00000000       0x47 src/ASF/mega/boards/stk600/rcx_x/init.o
 .debug_aranges
                0x00000000       0x20 src/ASF/mega/boards/stk600/rcx_x/init.o
 .debug_ranges  0x00000000       0x10 src/ASF/mega/boards/stk600/rcx_x/init.o
 .debug_macro   0x00000000      0x134 src/ASF/mega/boards/stk600/rcx_x/init.o
 .debug_macro   0x00000000      0xa66 src/ASF/mega/boards/stk600/rcx_x/init.o
 .debug_macro   0x00000000       0x10 src/ASF/mega/boards/stk600/rcx_x/init.o
 .debug_macro   0x00000000      0x1c9 src/ASF/mega/boards/stk600/rcx_x/init.o
 .debug_macro   0x00000000      0x2fc src/ASF/mega/boards/stk600/rcx_x/init.o
 .debug_macro   0x00000000       0x9e src/ASF/mega/boards/stk600/rcx_x/init.o
 .debug_macro   0x00000000     0x14c5 src/ASF/mega/boards/stk600/rcx_x/init.o
 .debug_macro   0x00000000      0x203 src/ASF/mega/boards/stk600/rcx_x/init.o
 .debug_macro   0x00000000       0xcb src/ASF/mega/boards/stk600/rcx_x/init.o
 .debug_macro   0x00000000       0x34 src/ASF/mega/boards/stk600/rcx_x/init.o
 .debug_macro   0x00000000       0x18 src/ASF/mega/boards/stk600/rcx_x/init.o
 .debug_macro   0x00000000       0x6c src/ASF/mega/boards/stk600/rcx_x/init.o
 .debug_macro   0x00000000       0x22 src/ASF/mega/boards/stk600/rcx_x/init.o
 .debug_macro   0x00000000      0x166 src/ASF/mega/boards/stk600/rcx_x/init.o
 .debug_macro   0x00000000       0x1c src/ASF/mega/boards/stk600/rcx_x/init.o
 .debug_macro   0x00000000       0x35 src/ASF/mega/boards/stk600/rcx_x/init.o
 .debug_macro   0x00000000       0x66 src/ASF/mega/boards/stk600/rcx_x/init.o
 .debug_macro   0x00000000      0x652 src/ASF/mega/boards/stk600/rcx_x/init.o
 .debug_macro   0x00000000       0x44 src/ASF/mega/boards/stk600/rcx_x/init.o
 .debug_macro   0x00000000       0x69 src/ASF/mega/boards/stk600/rcx_x/init.o
 .debug_macro   0x00000000       0x2c src/ASF/mega/boards/stk600/rcx_x/init.o
 .debug_macro   0x00000000       0x10 src/ASF/mega/boards/stk600/rcx_x/init.o
 .debug_macro   0x00000000      0x175 src/ASF/mega/boards/stk600/rcx_x/init.o
 .debug_macro   0x00000000       0x40 src/ASF/mega/boards/stk600/rcx_x/init.o
 .debug_macro   0x00000000      0x100 src/ASF/mega/boards/stk600/rcx_x/init.o
 .debug_macro   0x00000000      0x2b9 src/ASF/mega/boards/stk600/rcx_x/init.o
 .debug_line    0x00000000      0x35f src/ASF/mega/boards/stk600/rcx_x/init.o
 .debug_str     0x00000000    0x10d96 src/ASF/mega/boards/stk600/rcx_x/init.o
 .comment       0x00000000       0x31 src/ASF/mega/boards/stk600/rcx_x/init.o
 .debug_frame   0x00000000       0x24 src/ASF/mega/boards/stk600/rcx_x/init.o
 .group         0x00000000        0x8 src/main.o
 .group         0x00000000        0x8 src/main.o
 .group         0x00000000        0x8 src/main.o
 .group         0x00000000        0x8 src/main.o
 .group         0x00000000        0x8 src/main.o
 .group         0x00000000        0x8 src/main.o
 .group         0x00000000        0x8 src/main.o
 .group         0x00000000        0x8 src/main.o
 .group         0x00000000        0x8 src/main.o
 .group         0x00000000        0x8 src/main.o
 .group         0x00000000        0x8 src/main.o
 .group         0x00000000        0x8 src/main.o
 .group         0x00000000        0x8 src/main.o
 .group         0x00000000        0x8 src/main.o
 .group         0x00000000        0x8 src/main.o
 .group         0x00000000        0x8 src/main.o
 .group         0x00000000        0x8 src/main.o
 .group         0x00000000        0x8 src/main.o
 .group         0x00000000        0x8 src/main.o
 .group         0x00000000        0x8 src/main.o
 .group         0x00000000        0x8 src/main.o
 .group         0x00000000        0x8 src/main.o
 .text          0x00000000        0x0 src/main.o
 .data          0x00000000        0x0 src/main.o
 .bss           0x00000000        0x0 src/main.o
 .debug_macro   0x00000000      0xa66 src/main.o
 .debug_macro   0x00000000       0x10 src/main.o
 .debug_macro   0x00000000      0x1c9 src/main.o
 .debug_macro   0x00000000      0x2fc src/main.o
 .debug_macro   0x00000000       0x9e src/main.o
 .debug_macro   0x00000000     0x14c5 src/main.o
 .debug_macro   0x00000000      0x203 src/main.o
 .debug_macro   0x00000000       0xcb src/main.o
 .debug_macro   0x00000000       0x34 src/main.o
 .debug_macro   0x00000000       0x18 src/main.o
 .debug_macro   0x00000000       0x6c src/main.o
 .debug_macro   0x00000000       0x10 src/main.o
 .debug_macro   0x00000000      0x166 src/main.o
 .debug_macro   0x00000000       0x69 src/main.o
 .debug_macro   0x00000000       0x10 src/main.o
 .debug_macro   0x00000000       0x1c src/main.o
 .text          0x00000000        0x0 c:/program files (x86)/atmel/studio/7.0/toolchain/avr8/avr8-gnu-toolchain/bin/../lib/gcc/avr/4.9.2/avr51\libgcc.a(_exit.o)
 .data          0x00000000        0x0 c:/program files (x86)/atmel/studio/7.0/toolchain/avr8/avr8-gnu-toolchain/bin/../lib/gcc/avr/4.9.2/avr51\libgcc.a(_exit.o)
 .bss           0x00000000        0x0 c:/program files (x86)/atmel/studio/7.0/toolchain/avr8/avr8-gnu-toolchain/bin/../lib/gcc/avr/4.9.2/avr51\libgcc.a(_exit.o)
 .text.libgcc.mul
                0x00000000        0x0 c:/program files (x86)/atmel/studio/7.0/toolchain/avr8/avr8-gnu-toolchain/bin/../lib/gcc/avr/4.9.2/avr51\libgcc.a(_exit.o)
 .text.libgcc.div
                0x00000000        0x0 c:/program files (x86)/atmel/studio/7.0/toolchain/avr8/avr8-gnu-toolchain/bin/../lib/gcc/avr/4.9.2/avr51\libgcc.a(_exit.o)
 .text.libgcc   0x00000000        0x0 c:/program files (x86)/atmel/studio/7.0/toolchain/avr8/avr8-gnu-toolchain/bin/../lib/gcc/avr/4.9.2/avr51\libgcc.a(_exit.o)
 .text.libgcc.prologue
                0x00000000        0x0 c:/program files (x86)/atmel/studio/7.0/toolchain/avr8/avr8-gnu-toolchain/bin/../lib/gcc/avr/4.9.2/avr51\libgcc.a(_exit.o)
 .text.libgcc.builtins
                0x00000000        0x0 c:/program files (x86)/atmel/studio/7.0/toolchain/avr8/avr8-gnu-toolchain/bin/../lib/gcc/avr/4.9.2/avr51\libgcc.a(_exit.o)
 .text.libgcc.fmul
                0x00000000        0x0 c:/program files (x86)/atmel/studio/7.0/toolchain/avr8/avr8-gnu-toolchain/bin/../lib/gcc/avr/4.9.2/avr51\libgcc.a(_exit.o)
 .text.libgcc.fixed
                0x00000000        0x0 c:/program files (x86)/atmel/studio/7.0/toolchain/avr8/avr8-gnu-toolchain/bin/../lib/gcc/avr/4.9.2/avr51\libgcc.a(_exit.o)
 .text          0x00000000        0x0 c:/program files (x86)/atmel/studio/7.0/toolchain/avr8/avr8-gnu-toolchain/bin/../lib/gcc/avr/4.9.2/avr51\libgcc.a(_clear_bss.o)
 .data          0x00000000        0x0 c:/program files (x86)/atmel/studio/7.0/toolchain/avr8/avr8-gnu-toolchain/bin/../lib/gcc/avr/4.9.2/avr51\libgcc.a(_clear_bss.o)
 .bss           0x00000000        0x0 c:/program files (x86)/atmel/studio/7.0/toolchain/avr8/avr8-gnu-toolchain/bin/../lib/gcc/avr/4.9.2/avr51\libgcc.a(_clear_bss.o)
 .text.libgcc.mul
                0x00000000        0x0 c:/program files (x86)/atmel/studio/7.0/toolchain/avr8/avr8-gnu-toolchain/bin/../lib/gcc/avr/4.9.2/avr51\libgcc.a(_clear_bss.o)
 .text.libgcc.div
                0x00000000        0x0 c:/program files (x86)/atmel/studio/7.0/toolchain/avr8/avr8-gnu-toolchain/bin/../lib/gcc/avr/4.9.2/avr51\libgcc.a(_clear_bss.o)
 .text.libgcc   0x00000000        0x0 c:/program files (x86)/atmel/studio/7.0/toolchain/avr8/avr8-gnu-toolchain/bin/../lib/gcc/avr/4.9.2/avr51\libgcc.a(_clear_bss.o)
 .text.libgcc.prologue
                0x00000000        0x0 c:/program files (x86)/atmel/studio/7.0/toolchain/avr8/avr8-gnu-toolchain/bin/../lib/gcc/avr/4.9.2/avr51\libgcc.a(_clear_bss.o)
 .text.libgcc.builtins
                0x00000000        0x0 c:/program files (x86)/atmel/studio/7.0/toolchain/avr8/avr8-gnu-toolchain/bin/../lib/gcc/avr/4.9.2/avr51\libgcc.a(_clear_bss.o)
 .text.libgcc.fmul
                0x00000000        0x0 c:/program files (x86)/atmel/studio/7.0/toolchain/avr8/avr8-gnu-toolchain/bin/../lib/gcc/avr/4.9.2/avr51\libgcc.a(_clear_bss.o)
 .text.libgcc.fixed
                0x00000000        0x0 c:/program files (x86)/atmel/studio/7.0/toolchain/avr8/avr8-gnu-toolchain/bin/../lib/gcc/avr/4.9.2/avr51\libgcc.a(_clear_bss.o)

Memory Configuration

Name             Origin             Length             Attributes
text             0x00000000         0x00020000         xr
data             0x00800100         0x0000ff00         rw !x
eeprom           0x00810000         0x00010000         rw !x
fuse             0x00820000         0x00000003         rw !x
lock             0x00830000         0x00000400         rw !x
signature        0x00840000         0x00000400         rw !x
user_signatures  0x00850000         0x00000400         rw !x
*default*        0x00000000         0xffffffff

Linker script and memory map

Address of section .data set to 0x800100
LOAD C:/Program Files (x86)/Atmel/Studio/7.0/Packs/atmel/ATmega_DFP/1.1.130/gcc/dev/atmega128/avr51/crtatmega128.o
LOAD src/lcd.o
LOAD src/timer.o
LOAD src/timerB3.o
LOAD src/ASF/mega/boards/stk600/rcx_x/init.o
LOAD src/main.o
START GROUP
LOAD c:/program files (x86)/atmel/studio/7.0/toolchain/avr8/avr8-gnu-toolchain/bin/../lib/gcc/avr/4.9.2/../../../../avr/lib/avr51\libm.a
END GROUP
START GROUP
LOAD c:/program files (x86)/atmel/studio/7.0/toolchain/avr8/avr8-gnu-toolchain/bin/../lib/gcc/avr/4.9.2/avr51\libgcc.a
LOAD c:/program files (x86)/atmel/studio/7.0/toolchain/avr8/avr8-gnu-toolchain/bin/../lib/gcc/avr/4.9.2/../../../../avr/lib/avr51\libm.a
LOAD c:/program files (x86)/atmel/studio/7.0/toolchain/avr8/avr8-gnu-toolchain/bin/../lib/gcc/avr/4.9.2/../../../../avr/lib/avr51\libc.a
LOAD C:/Program Files (x86)/Atmel/Studio/7.0/Packs/atmel/ATmega_DFP/1.1.130/gcc/dev/atmega128/avr51\libatmega128.a
END GROUP
                0x00020000                __TEXT_REGION_LENGTH__ = DEFINED (__TEXT_REGION_LENGTH__)?__TEXT_REGION_LENGTH__:0x20000
                0x0000ff00                __DATA_REGION_LENGTH__ = DEFINED (__DATA_REGION_LENGTH__)?__DATA_REGION_LENGTH__:0xff00
                0x00010000                __EEPROM_REGION_LENGTH__ = DEFINED (__EEPROM_REGION_LENGTH__)?__EEPROM_REGION_LENGTH__:0x10000
                [0x00000003]                __FUSE_REGION_LENGTH__ = DEFINED (__FUSE_REGION_LENGTH__)?__FUSE_REGION_LENGTH__:0x400
                0x00000400                __LOCK_REGION_LENGTH__ = DEFINED (__LOCK_REGION_LENGTH__)?__LOCK_REGION_LENGTH__:0x400
                0x00000400                __SIGNATURE_REGION_LENGTH__ = DEFINED (__SIGNATURE_REGION_LENGTH__)?__SIGNATURE_REGION_LENGTH__:0x400
                0x00000400                __USER_SIGNATURE_REGION_LENGTH__ = DEFINED (__USER_SIGNATURE_REGION_LENGTH__)?__USER_SIGNATURE_REGION_LENGTH__:0x400

.hash
 *(.hash)

.dynsym
 *(.dynsym)

.dynstr
 *(.dynstr)

.gnu.version
 *(.gnu.version)

.gnu.version_d
 *(.gnu.version_d)

.gnu.version_r
 *(.gnu.version_r)

.rel.init
 *(.rel.init)

.rela.init
 *(.rela.init)

.rel.text
 *(.rel.text)
 *(.rel.text.*)
 *(.rel.gnu.linkonce.t*)

.rela.text
 *(.rela.text)
 *(.rela.text.*)
 *(.rela.gnu.linkonce.t*)

.rel.fini
 *(.rel.fini)

.rela.fini
 *(.rela.fini)

.rel.rodata
 *(.rel.rodata)
 *(.rel.rodata.*)
 *(.rel.gnu.linkonce.r*)

.rela.rodata
 *(.rela.rodata)
 *(.rela.rodata.*)
 *(.rela.gnu.linkonce.r*)

.rel.data
 *(.rel.data)
 *(.rel.data.*)
 *(.rel.gnu.linkonce.d*)

.rela.data
 *(.rela.data)
 *(.rela.data.*)
 *(.rela.gnu.linkonce.d*)

.rel.ctors
 *(.rel.ctors)

.rela.ctors
 *(.rela.ctors)

.rel.dtors
 *(.rel.dtors)

.rela.dtors
 *(.rela.dtors)

.rel.got
 *(.rel.got)

.rela.got
 *(.rela.got)

.rel.bss
 *(.rel.bss)

.rela.bss
 *(.rela.bss)

.rel.plt
 *(.rel.plt)

.rela.plt
 *(.rela.plt)

.text           0x00000000      0x268
 *(.vectors)
 .vectors       0x00000000       0x8c C:/Program Files (x86)/Atmel/Studio/7.0/Packs/atmel/ATmega_DFP/1.1.130/gcc/dev/atmega128/avr51/crtatmega128.o
                0x00000000                __vector_default
                0x00000000                __vectors
 *(.vectors)
 *(.progmem.gcc*)
                0x0000008c                . = ALIGN (0x2)
                0x0000008c                __trampolines_start = .
 *(.trampolines)
 .trampolines   0x0000008c        0x0 linker stubs
 *(.trampolines*)
                0x0000008c                __trampolines_end = .
 *libprintf_flt.a:*(.progmem.data)
 *libc.a:*(.progmem.data)
 *(.progmem*)
                0x0000008c                . = ALIGN (0x2)
 *(.jumptables)
 *(.jumptables*)
 *(.lowtext)
 *(.lowtext*)
                0x0000008c                __ctors_start = .
 *(.ctors)
                0x0000008c                __ctors_end = .
                0x0000008c                __dtors_start = .
 *(.dtors)
                0x0000008c                __dtors_end = .
 SORT(*)(.ctors)
 SORT(*)(.dtors)
 *(.init0)
 .init0         0x0000008c        0x0 C:/Program Files (x86)/Atmel/Studio/7.0/Packs/atmel/ATmega_DFP/1.1.130/gcc/dev/atmega128/avr51/crtatmega128.o
                0x0000008c                __init
 *(.init0)
 *(.init1)
 *(.init1)
 *(.init2)
 .init2         0x0000008c        0xc C:/Program Files (x86)/Atmel/Studio/7.0/Packs/atmel/ATmega_DFP/1.1.130/gcc/dev/atmega128/avr51/crtatmega128.o
 *(.init2)
 *(.init3)
 *(.init3)
 *(.init4)
 .init4         0x00000098       0x10 c:/program files (x86)/atmel/studio/7.0/toolchain/avr8/avr8-gnu-toolchain/bin/../lib/gcc/avr/4.9.2/avr51\libgcc.a(_clear_bss.o)
                0x00000098                __do_clear_bss
 *(.init4)
 *(.init5)
 *(.init5)
 *(.init6)
 *(.init6)
 *(.init7)
 *(.init7)
 *(.init8)
 *(.init8)
 *(.init9)
 .init9         0x000000a8        0x4 C:/Program Files (x86)/Atmel/Studio/7.0/Packs/atmel/ATmega_DFP/1.1.130/gcc/dev/atmega128/avr51/crtatmega128.o
 *(.init9)
 *(.text)
 .text          0x000000ac        0x2 C:/Program Files (x86)/Atmel/Studio/7.0/Packs/atmel/ATmega_DFP/1.1.130/gcc/dev/atmega128/avr51/crtatmega128.o
                0x000000ac                __vector_22
                0x000000ac                __vector_28
                0x000000ac                __vector_1
                0x000000ac                __vector_32
                0x000000ac                __vector_34
                0x000000ac                __vector_24
                0x000000ac                __vector_12
                0x000000ac                __bad_interrupt
                0x000000ac                __vector_6
                0x000000ac                __vector_31
                0x000000ac                __vector_3
                0x000000ac                __vector_23
                0x000000ac                __vector_30
                0x000000ac                __vector_25
                0x000000ac                __vector_11
                0x000000ac                __vector_13
                0x000000ac                __vector_17
                0x000000ac                __vector_19
                0x000000ac                __vector_7
                0x000000ac                __vector_27
                0x000000ac                __vector_5
                0x000000ac                __vector_33
                0x000000ac                __vector_4
                0x000000ac                __vector_2
                0x000000ac                __vector_21
                0x000000ac                __vector_15
                0x000000ac                __vector_29
                0x000000ac                __vector_8
                0x000000ac                __vector_26
                0x000000ac                __vector_14
                0x000000ac                __vector_16
                0x000000ac                __vector_18
                0x000000ac                __vector_20
                0x000000ae                . = ALIGN (0x2)
 *(.text.*)
 .text.lcd_strobe_lcd_e
                0x000000ae       0x1e src/lcd.o
                0x000000ae                lcd_strobe_lcd_e
 .text.init_4bits_mode
                0x000000cc       0x30 src/lcd.o
                0x000000cc                init_4bits_mode
 .text.lcd_assignmentb2
                0x000000fc       0x2a src/lcd.o
                0x000000fc                lcd_assignmentb2
 .text.lcd_write_command
                0x00000126       0x18 src/lcd.o
                0x00000126                lcd_write_command
 .text.set_cursor
                0x0000013e       0x64 src/lcd.o
                0x0000013e                set_cursor
 .text.getCounterValue
                0x000001a2        0x6 src/timer.o
                0x000001a2                getCounterValue
 .text.timer2init
                0x000001a8       0x10 src/timer.o
                0x000001a8                timer2init
 .text.__vector_10
                0x000001b8       0x26 src/timer.o
                0x000001b8                __vector_10
 .text.__vector_9
                0x000001de       0x34 src/timerB3.o
                0x000001de                __vector_9
 .text.main     0x00000212       0x52 src/main.o
                0x00000212                main
                0x00000264                . = ALIGN (0x2)
 *(.fini9)
 .fini9         0x00000264        0x0 c:/program files (x86)/atmel/studio/7.0/toolchain/avr8/avr8-gnu-toolchain/bin/../lib/gcc/avr/4.9.2/avr51\libgcc.a(_exit.o)
                0x00000264                _exit
                0x00000264                exit
 *(.fini9)
 *(.fini8)
 *(.fini8)
 *(.fini7)
 *(.fini7)
 *(.fini6)
 *(.fini6)
 *(.fini5)
 *(.fini5)
 *(.fini4)
 *(.fini4)
 *(.fini3)
 *(.fini3)
 *(.fini2)
 *(.fini2)
 *(.fini1)
 *(.fini1)
 *(.fini0)
 .fini0         0x00000264        0x4 c:/program files (x86)/atmel/studio/7.0/toolchain/avr8/avr8-gnu-toolchain/bin/../lib/gcc/avr/4.9.2/avr51\libgcc.a(_exit.o)
 *(.fini0)
                0x00000268                _etext = .

.data           0x00800100        0x0 load address 0x00000268
                [!provide]                PROVIDE (__data_start, .)
 *(.data)
 *(.data*)
 *(.rodata)
 *(.rodata*)
 *(.gnu.linkonce.d*)
                0x00800100                . = ALIGN (0x2)
                0x00800100                _edata = .
                [!provide]                PROVIDE (__data_end, .)

.bss            0x00800100        0x3
                0x00800100                PROVIDE (__bss_start, .)
 *(.bss)
 *(.bss*)
 .bss.cursorpos
                0x00800100        0x2 src/lcd.o
                0x00800100                cursorpos
 .bss.counter   0x00800102        0x1 src/timer.o
                0x00800102                counter
 *(COMMON)
                0x00800103                PROVIDE (__bss_end, .)
                0x00000268                __data_load_start = LOADADDR (.data)
                0x00000268                __data_load_end = (__data_load_start + SIZEOF (.data))

.noinit         0x00800103        0x0
                [!provide]                PROVIDE (__noinit_start, .)
 *(.noinit*)
                [!provide]                PROVIDE (__noinit_end, .)
                0x00800103                _end = .
                [!provide]                PROVIDE (__heap_start, .)

.eeprom         0x00810000        0x0
 *(.eeprom*)
                0x00810000                __eeprom_end = .

.fuse
 *(.fuse)
 *(.lfuse)
 *(.hfuse)
 *(.efuse)

.lock
 *(.lock*)

.signature
 *(.signature*)

.user_signatures
 *(.user_signatures*)

.stab
 *(.stab)

.stabstr
 *(.stabstr)

.stab.excl
 *(.stab.excl)

.stab.exclstr
 *(.stab.exclstr)

.stab.index
 *(.stab.index)

.stab.indexstr
 *(.stab.indexstr)

.comment        0x00000000       0x30
 *(.comment)
 .comment       0x00000000       0x30 src/lcd.o
                                 0x31 (size before relaxing)
 .comment       0x00000030       0x31 src/timer.o
 .comment       0x00000030       0x31 src/timerB3.o
 .comment       0x00000030       0x31 src/main.o

.note.gnu.avr.deviceinfo
                0x00000000       0x3c
 .note.gnu.avr.deviceinfo
                0x00000000       0x3c C:/Program Files (x86)/Atmel/Studio/7.0/Packs/atmel/ATmega_DFP/1.1.130/gcc/dev/atmega128/avr51/crtatmega128.o

.note.gnu.build-id
 *(.note.gnu.build-id)

.debug
 *(.debug)

.line
 *(.line)

.debug_srcinfo
 *(.debug_srcinfo)

.debug_sfnames
 *(.debug_sfnames)

.debug_aranges  0x00000000       0xd0
 *(.debug_aranges)
 .debug_aranges
                0x00000000       0x58 src/lcd.o
 .debug_aranges
                0x00000058       0x30 src/timer.o
 .debug_aranges
                0x00000088       0x28 src/timerB3.o
 .debug_aranges
                0x000000b0       0x20 src/main.o

.debug_pubnames
 *(.debug_pubnames)

.debug_info     0x00000000      0xedc
 *(.debug_info .gnu.linkonce.wi.*)
 .debug_info    0x00000000      0x780 C:/Program Files (x86)/Atmel/Studio/7.0/Packs/atmel/ATmega_DFP/1.1.130/gcc/dev/atmega128/avr51/crtatmega128.o
 .debug_info    0x00000780      0x370 src/lcd.o
 .debug_info    0x00000af0       0xd6 src/timer.o
 .debug_info    0x00000bc6       0x9d src/timerB3.o
 .debug_info    0x00000c63      0x279 src/main.o

.debug_abbrev   0x00000000      0xae5
 *(.debug_abbrev)
 .debug_abbrev  0x00000000      0x718 C:/Program Files (x86)/Atmel/Studio/7.0/Packs/atmel/ATmega_DFP/1.1.130/gcc/dev/atmega128/avr51/crtatmega128.o
 .debug_abbrev  0x00000718      0x157 src/lcd.o
 .debug_abbrev  0x0000086f       0xa0 src/timer.o
 .debug_abbrev  0x0000090f       0x6c src/timerB3.o
 .debug_abbrev  0x0000097b      0x16a src/main.o

.debug_line     0x00000000      0xfe7
 *(.debug_line .debug_line.* .debug_line_end)
 .debug_line    0x00000000      0x169 C:/Program Files (x86)/Atmel/Studio/7.0/Packs/atmel/ATmega_DFP/1.1.130/gcc/dev/atmega128/avr51/crtatmega128.o
 .debug_line    0x00000169      0x4c6 src/lcd.o
 .debug_line    0x0000062f      0x323 src/timer.o
 .debug_line    0x00000952      0x32f src/timerB3.o
 .debug_line    0x00000c81      0x366 src/main.o

.debug_frame    0x00000000      0x194
 *(.debug_frame)
 .debug_frame   0x00000000       0xd8 src/lcd.o
 .debug_frame   0x000000d8       0x54 src/timer.o
 .debug_frame   0x0000012c       0x44 src/timerB3.o
 .debug_frame   0x00000170       0x24 src/main.o

.debug_str      0x00000000     0x80bf
 *(.debug_str)
 .debug_str     0x00000000      0x27d C:/Program Files (x86)/Atmel/Studio/7.0/Packs/atmel/ATmega_DFP/1.1.130/gcc/dev/atmega128/avr51/crtatmega128.o
 .debug_str     0x0000027d     0x7400 src/lcd.o
                               0x74a2 (size before relaxing)
 .debug_str     0x0000767d      0x2f1 src/timer.o
                               0x76c0 (size before relaxing)
 .debug_str     0x0000796e       0x53 src/timerB3.o
                               0x76c6 (size before relaxing)
 .debug_str     0x000079c1      0x6fe src/main.o
                               0x7d1c (size before relaxing)

.debug_loc      0x00000000      0x2fc
 *(.debug_loc)
 .debug_loc     0x00000000      0x259 src/lcd.o
 .debug_loc     0x00000259       0x3c src/timer.o
 .debug_loc     0x00000295       0x3c src/timerB3.o
 .debug_loc     0x000002d1       0x2b src/main.o

.debug_macinfo
 *(.debug_macinfo)

.debug_weaknames
 *(.debug_weaknames)

.debug_funcnames
 *(.debug_funcnames)

.debug_typenames
 *(.debug_typenames)

.debug_varnames
 *(.debug_varnames)

.debug_pubtypes
 *(.debug_pubtypes)

.debug_ranges   0x00000000       0x90
 *(.debug_ranges)
 .debug_ranges  0x00000000       0x48 src/lcd.o
 .debug_ranges  0x00000048       0x20 src/timer.o
 .debug_ranges  0x00000068       0x18 src/timerB3.o
 .debug_ranges  0x00000080       0x10 src/main.o

.debug_macro    0x00000000     0x3297
 *(.debug_macro)
 .debug_macro   0x00000000       0xbb src/lcd.o
 .debug_macro   0x000000bb      0xa66 src/lcd.o
 .debug_macro   0x00000b21       0x10 src/lcd.o
 .debug_macro   0x00000b31      0x1c9 src/lcd.o
 .debug_macro   0x00000cfa      0x2fc src/lcd.o
 .debug_macro   0x00000ff6       0x9e src/lcd.o
 .debug_macro   0x00001094     0x14c5 src/lcd.o
 .debug_macro   0x00002559      0x203 src/lcd.o
 .debug_macro   0x0000275c       0xcb src/lcd.o
 .debug_macro   0x00002827       0x34 src/lcd.o
 .debug_macro   0x0000285b       0x18 src/lcd.o
 .debug_macro   0x00002873       0x6c src/lcd.o
 .debug_macro   0x000028df       0x10 src/lcd.o
 .debug_macro   0x000028ef      0x166 src/lcd.o
 .debug_macro   0x00002a55       0x69 src/lcd.o
 .debug_macro   0x00002abe       0x10 src/lcd.o
 .debug_macro   0x00002ace       0xd3 src/timer.o
 .debug_macro   0x00002ba1       0x16 src/timer.o
 .debug_macro   0x00002bb7       0x97 src/timer.o
 .debug_macro   0x00002c4e       0x16 src/timer.o
 .debug_macro   0x00002c64      0x160 src/timer.o
 .debug_macro   0x00002dc4       0xdf src/timerB3.o
 .debug_macro   0x00002ea3      0x10c src/main.o
 .debug_macro   0x00002faf      0x10e src/main.o
 .debug_macro   0x000030bd       0x60 src/main.o
 .debug_macro   0x0000311d       0x58 src/main.o
 .debug_macro   0x00003175       0x10 src/main.o
 .debug_macro   0x00003185       0x20 src/main.o
 .debug_macro   0x000031a5       0xf2 src/main.o
OUTPUT(lcd.elf elf32-avr)
LOAD linker stubs
